已經開始建置於 2026/5/18 下午 06:32:00。
記錄詳細程度設定為: Normal。節點 1 (ClCompile 目標) 上的專案 "d:\repo\SM-YHANIKI\src\StepMania.vcxproj"。
InitializeBuildStatus:
  正在變更時間戳記 "./../Release\StepMania.tlog\unsuccessfulbuild"。
VcpkgTripletSelection:
  Using triplet "x86-windows" from "D:\vcpkg\installed\x86-windows\"
  Using normalized configuration "Release"
ClCompile:
  所有輸出都是最新的。
  C:\Program Files (x86)\Microsoft Visual Studio\2019\Community\VC\Tools\MSVC\14.27.29110\bin\HostX86\x86\CL.exe /c /I"C:\Program Files (x86)\Windows Kits\10\Include\10.0.18362.0\um" /I"C:\Program Files (x86)\Windows Kits\10\Include\10.0.18362.0\shared" /I"C:\Program Files (x86)\Windows Kits\10\Include\10.0.18362.0\winrt" /I"C:\Program Files (x86)\Windows Kits\10\Include\10.0.18362.0\cppwinrt" /I"C:\Program Files (x86)\Windows Kits\NETFXSDK\4.8\Include\um" /I. /I".\ThirdParty_rebuild\SDL-1.2.6\include" /I".\ThirdParty_rebuild\steam sdk\public" /I..\ThirdParty\vorbis /I..\ThirdParty\libjpeg /I".\ThirdParty_rebuild\lua-5.0\include" /I..\ThirdParty\dx80\include /I..\ThirdParty /I"..\ThirdParty\icu4c-68_2-Win32-MSVC2019\include" /I"D:\vcpkg\installed\x86-windows\include" /Zi /nologo /W4 /WX- /diagnostics:column /MP /Ox /Ob2 /Oi /Os /Oy- /D WIN32 /D NDEBUG /D _WINDOWS /D WINDOWS /D RELEASE /D _USING_V110_SDK71_ /D WINDOWS_IGNORE_PACKING_MISMATCH /D BOOST_USE_WINAPI_VERSION /D _VC80_UPGRADE=0x0700 /D _MBCS /GF /Gm- /EHsc /MD /GS- /Gy- /fp:precise /Zc:wchar_t- /Zc:forScope /Zc:inline /openmp /std:c++14 /Fo".\../Release/" /Fd".\../Release/vc142.pdb" /Gd /TC /analyze- /FC /errorReport:queue /EHa  /wd4430 /wd4996 /wd4458 /wd4018 /wd4456 /wd4457 /wd4459 /wd4838 /wd4996 /wd26812 /wd26495 /wd4244 /wd4306 /wd4389 /wd4305 minizip\zip.c
cl : 命令列 warning D9025: 覆寫 '/EHs'，以 '/EHa' [d:\repo\SM-YHANIKI\src\StepMania.vcxproj]
  zip.c
d:\repo\SM-YHANIKI\src\minizip\zip.c(160,11): warning C4431: 遺漏類型規範 - 假設為 int。注意: C 已不再支援 default-int [d:\repo\SM-YHANIKI\src\StepMania.vcxproj]
d:\repo\SM-YHANIKI\src\minizip\zip.c(160,18): error C2143: 語法錯誤: 遺漏 ';' (在 '*' 之前) [d:\repo\SM-YHANIKI\src\StepMania.vcxproj]
d:\repo\SM-YHANIKI\src\minizip\zip.c(160,18): error C2059: 語法錯誤: '*' [d:\repo\SM-YHANIKI\src\StepMania.vcxproj]
d:\repo\SM-YHANIKI\src\minizip\zip.c(163,1): error C2059: 語法錯誤: '}' [d:\repo\SM-YHANIKI\src\StepMania.vcxproj]
d:\repo\SM-YHANIKI\src\minizip\zip.c(171,5): error C2061: 語法錯誤: 識別項 'curfile64_info' [d:\repo\SM-YHANIKI\src\StepMania.vcxproj]
d:\repo\SM-YHANIKI\src\minizip\zip.c(181,1): error C2059: 語法錯誤: '}' [d:\repo\SM-YHANIKI\src\StepMania.vcxproj]
d:\repo\SM-YHANIKI\src\minizip\crypt.h(35,53): warning C4431: 遺漏類型規範 - 假設為 int。注意: C 已不再支援 default-int [d:\repo\SM-YHANIKI\src\StepMania.vcxproj]
d:\repo\SM-YHANIKI\src\minizip\crypt.h(35,60): error C2143: 語法錯誤: 遺漏 ')' (在 '*' 之前) [d:\repo\SM-YHANIKI\src\StepMania.vcxproj]
d:\repo\SM-YHANIKI\src\minizip\crypt.h(35,60): error C2143: 語法錯誤: 遺漏 '{' (在 '*' 之前) [d:\repo\SM-YHANIKI\src\StepMania.vcxproj]
d:\repo\SM-YHANIKI\src\minizip\crypt.h(35,73): error C2059: 語法錯誤: ')' [d:\repo\SM-YHANIKI\src\StepMania.vcxproj]
d:\repo\SM-YHANIKI\src\minizip\crypt.h(36,1): warning C4431: 遺漏類型規範 - 假設為 int。注意: C 已不再支援 default-int [d:\repo\SM-YHANIKI\src\StepMania.vcxproj]
d:\repo\SM-YHANIKI\src\minizip\crypt.h(36,1): error C2054: 在 'pcrc_32_tab' 之後必須有 '(' [d:\repo\SM-YHANIKI\src\StepMania.vcxproj]
d:\repo\SM-YHANIKI\src\minizip\crypt.h(48,51): warning C4431: 遺漏類型規範 - 假設為 int。注意: C 已不再支援 default-int [d:\repo\SM-YHANIKI\src\StepMania.vcxproj]
d:\repo\SM-YHANIKI\src\minizip\crypt.h(48,58): error C2143: 語法錯誤: 遺漏 ')' (在 '*' 之前) [d:\repo\SM-YHANIKI\src\StepMania.vcxproj]
d:\repo\SM-YHANIKI\src\minizip\crypt.h(48,58): error C2143: 語法錯誤: 遺漏 '{' (在 '*' 之前) [d:\repo\SM-YHANIKI\src\StepMania.vcxproj]
d:\repo\SM-YHANIKI\src\minizip\crypt.h(48,71): warning C4431: 遺漏類型規範 - 假設為 int。注意: C 已不再支援 default-int [d:\repo\SM-YHANIKI\src\StepMania.vcxproj]
d:\repo\SM-YHANIKI\src\minizip\crypt.h(48,76): error C2059: 語法錯誤: '類型' [d:\repo\SM-YHANIKI\src\StepMania.vcxproj]
d:\repo\SM-YHANIKI\src\minizip\crypt.h(48,77): error C2059: 語法錯誤: ')' [d:\repo\SM-YHANIKI\src\StepMania.vcxproj]
d:\repo\SM-YHANIKI\src\minizip\crypt.h(65,69): warning C4431: 遺漏類型規範 - 假設為 int。注意: C 已不再支援 default-int [d:\repo\SM-YHANIKI\src\StepMania.vcxproj]
d:\repo\SM-YHANIKI\src\minizip\crypt.h(65,76): error C2143: 語法錯誤: 遺漏 ')' (在 '*' 之前) [d:\repo\SM-YHANIKI\src\StepMania.vcxproj]
d:\repo\SM-YHANIKI\src\minizip\crypt.h(65,76): error C2143: 語法錯誤: 遺漏 '{' (在 '*' 之前) [d:\repo\SM-YHANIKI\src\StepMania.vcxproj]
d:\repo\SM-YHANIKI\src\minizip\crypt.h(65,89): error C2059: 語法錯誤: ')' [d:\repo\SM-YHANIKI\src\StepMania.vcxproj]
d:\repo\SM-YHANIKI\src\minizip\crypt.h(66,1): warning C4431: 遺漏類型規範 - 假設為 int。注意: C 已不再支援 default-int [d:\repo\SM-YHANIKI\src\StepMania.vcxproj]
d:\repo\SM-YHANIKI\src\minizip\crypt.h(66,1): error C2054: 在 'pcrc_32_tab' 之後必須有 '(' [d:\repo\SM-YHANIKI\src\StepMania.vcxproj]
d:\repo\SM-YHANIKI\src\minizip\crypt.h(94,28): warning C4431: 遺漏類型規範 - 假設為 int。注意: C 已不再支援 default-int [d:\repo\SM-YHANIKI\src\StepMania.vcxproj]
d:\repo\SM-YHANIKI\src\minizip\crypt.h(94,35): error C2143: 語法錯誤: 遺漏 ')' (在 '*' 之前) [d:\repo\SM-YHANIKI\src\StepMania.vcxproj]
d:\repo\SM-YHANIKI\src\minizip\crypt.h(94,35): error C2143: 語法錯誤: 遺漏 '{' (在 '*' 之前) [d:\repo\SM-YHANIKI\src\StepMania.vcxproj]
d:\repo\SM-YHANIKI\src\minizip\crypt.h(94,48): warning C4431: 遺漏類型規範 - 假設為 int。注意: C 已不再支援 default-int [d:\repo\SM-YHANIKI\src\StepMania.vcxproj]
d:\repo\SM-YHANIKI\src\minizip\crypt.h(95,36): error C2059: 語法錯誤: '類型' [d:\repo\SM-YHANIKI\src\StepMania.vcxproj]
d:\repo\SM-YHANIKI\src\minizip\crypt.h(95,50): error C2059: 語法錯誤: ')' [d:\repo\SM-YHANIKI\src\StepMania.vcxproj]
d:\repo\SM-YHANIKI\src\minizip\zip.c(640,46): error C2143: 語法錯誤: 遺漏 ')' (在 '*' 之前) [d:\repo\SM-YHANIKI\src\StepMania.vcxproj]
d:\repo\SM-YHANIKI\src\minizip\zip.c(640,46): error C2143: 語法錯誤: 遺漏 '{' (在 '*' 之前) [d:\repo\SM-YHANIKI\src\StepMania.vcxproj]
d:\repo\SM-YHANIKI\src\minizip\zip.c(640,55): error C2059: 語法錯誤: ')' [d:\repo\SM-YHANIKI\src\StepMania.vcxproj]
d:\repo\SM-YHANIKI\src\minizip\zip.c(641,1): warning C4431: 遺漏類型規範 - 假設為 int。注意: C 已不再支援 default-int [d:\repo\SM-YHANIKI\src\StepMania.vcxproj]
d:\repo\SM-YHANIKI\src\minizip\zip.c(641,1): error C2054: 在 'pziinit' 之後必須有 '(' [d:\repo\SM-YHANIKI\src\StepMania.vcxproj]
d:\repo\SM-YHANIKI\src\minizip\zip.c(851,20): error C2065: 'zip64_internal': 未宣告的識別項 [d:\repo\SM-YHANIKI\src\StepMania.vcxproj]
d:\repo\SM-YHANIKI\src\minizip\zip.c(851,20): error C2146: 語法錯誤: 遺漏 ';' (在識別項 'ziinit' 之前) [d:\repo\SM-YHANIKI\src\StepMania.vcxproj]
d:\repo\SM-YHANIKI\src\minizip\zip.c(851,26): error C2065: 'ziinit': 未宣告的識別項 [d:\repo\SM-YHANIKI\src\StepMania.vcxproj]
d:\repo\SM-YHANIKI\src\minizip\zip.c(852,19): error C2065: 'zip64_internal': 未宣告的識別項 [d:\repo\SM-YHANIKI\src\StepMania.vcxproj]
d:\repo\SM-YHANIKI\src\minizip\zip.c(852,23): error C2065: 'zi': 未宣告的識別項 [d:\repo\SM-YHANIKI\src\StepMania.vcxproj]
d:\repo\SM-YHANIKI\src\minizip\zip.c(852,19): warning C4552: '*': 未使用運算式結果 [d:\repo\SM-YHANIKI\src\StepMania.vcxproj]
d:\repo\SM-YHANIKI\src\minizip\zip.c(855,11): error C2065: 'ziinit': 未宣告的識別項 [d:\repo\SM-YHANIKI\src\StepMania.vcxproj]
d:\repo\SM-YHANIKI\src\minizip\zip.c(855,12): error C2224: '.z_filefunc' 的左邊必須擁有結構/等位類型 [d:\repo\SM-YHANIKI\src\StepMania.vcxproj]
d:\repo\SM-YHANIKI\src\minizip\zip.c(856,11): error C2065: 'ziinit': 未宣告的識別項 [d:\repo\SM-YHANIKI\src\StepMania.vcxproj]
d:\repo\SM-YHANIKI\src\minizip\zip.c(856,12): error C2224: '.z_filefunc' 的左邊必須擁有結構/等位類型 [d:\repo\SM-YHANIKI\src\StepMania.vcxproj]
d:\repo\SM-YHANIKI\src\minizip\zip.c(858,38): error C2065: 'ziinit': 未宣告的識別項 [d:\repo\SM-YHANIKI\src\StepMania.vcxproj]
d:\repo\SM-YHANIKI\src\minizip\zip.c(858,39): error C2224: '.z_filefunc' 的左邊必須擁有結構/等位類型 [d:\repo\SM-YHANIKI\src\StepMania.vcxproj]
d:\repo\SM-YHANIKI\src\minizip\zip.c(858,30): error C2198: 'fill_fopen64_filefunc': 呼叫的引數太少 [d:\repo\SM-YHANIKI\src\StepMania.vcxproj]
d:\repo\SM-YHANIKI\src\minizip\zip.c(860,15): error C2065: 'ziinit': 未宣告的識別項 [d:\repo\SM-YHANIKI\src\StepMania.vcxproj]
d:\repo\SM-YHANIKI\src\minizip\zip.c(860,16): error C2224: '.z_filefunc' 的左邊必須擁有結構/等位類型 [d:\repo\SM-YHANIKI\src\StepMania.vcxproj]
d:\repo\SM-YHANIKI\src\minizip\zip.c(862,11): error C2065: 'ziinit': 未宣告的識別項 [d:\repo\SM-YHANIKI\src\StepMania.vcxproj]
d:\repo\SM-YHANIKI\src\minizip\zip.c(862,12): error C2224: '.filestream' 的左邊必須擁有結構/等位類型 [d:\repo\SM-YHANIKI\src\StepMania.vcxproj]
d:\repo\SM-YHANIKI\src\minizip\zip.c(866,1): error C2065: 'ziinit': 未宣告的識別項 [d:\repo\SM-YHANIKI\src\StepMania.vcxproj]
d:\repo\SM-YHANIKI\src\minizip\zip.c(866,1): error C2224: '.z_filefunc' 的左邊必須擁有結構/等位類型 [d:\repo\SM-YHANIKI\src\StepMania.vcxproj]
d:\repo\SM-YHANIKI\src\minizip\zip.c(862,1): warning C4022: 'call_zopen64': 指標與實質參數 2 不相符 [d:\repo\SM-YHANIKI\src\StepMania.vcxproj]
d:\repo\SM-YHANIKI\src\minizip\zip.c(862,1): error C2198: 'call_zopen64': 呼叫的引數太少 [d:\repo\SM-YHANIKI\src\StepMania.vcxproj]
d:\repo\SM-YHANIKI\src\minizip\zip.c(868,15): error C2065: 'ziinit': 未宣告的識別項 [d:\repo\SM-YHANIKI\src\StepMania.vcxproj]
d:\repo\SM-YHANIKI\src\minizip\zip.c(868,16): error C2224: '.filestream' 的左邊必須擁有結構/等位類型 [d:\repo\SM-YHANIKI\src\StepMania.vcxproj]
d:\repo\SM-YHANIKI\src\minizip\zip.c(872,9): error C2065: 'ziinit': 未宣告的識別項 [d:\repo\SM-YHANIKI\src\StepMania.vcxproj]
d:\repo\SM-YHANIKI\src\minizip\zip.c(872,9): error C2224: '.z_filefunc' 的左邊必須擁有結構/等位類型 [d:\repo\SM-YHANIKI\src\StepMania.vcxproj]
d:\repo\SM-YHANIKI\src\minizip\zip.c(872,9): error C2224: '.filestream' 的左邊必須擁有結構/等位類型 [d:\repo\SM-YHANIKI\src\StepMania.vcxproj]
d:\repo\SM-YHANIKI\src\minizip\zip.c(872,9): warning C4022: 'call_zseek64': 指標與實質參數 2 不相符 [d:\repo\SM-YHANIKI\src\StepMania.vcxproj]
d:\repo\SM-YHANIKI\src\minizip\zip.c(872,9): error C2198: 'call_zseek64': 呼叫的引數太少 [d:\repo\SM-YHANIKI\src\StepMania.vcxproj]
d:\repo\SM-YHANIKI\src\minizip\zip.c(874,11): error C2065: 'ziinit': 未宣告的識別項 [d:\repo\SM-YHANIKI\src\StepMania.vcxproj]
d:\repo\SM-YHANIKI\src\minizip\zip.c(874,12): error C2224: '.begin_pos' 的左邊必須擁有結構/等位類型 [d:\repo\SM-YHANIKI\src\StepMania.vcxproj]
d:\repo\SM-YHANIKI\src\minizip\zip.c(874,24): error C2065: 'ziinit': 未宣告的識別項 [d:\repo\SM-YHANIKI\src\StepMania.vcxproj]
d:\repo\SM-YHANIKI\src\minizip\zip.c(874,24): error C2224: '.z_filefunc' 的左邊必須擁有結構/等位類型 [d:\repo\SM-YHANIKI\src\StepMania.vcxproj]
d:\repo\SM-YHANIKI\src\minizip\zip.c(874,24): error C2224: '.filestream' 的左邊必須擁有結構/等位類型 [d:\repo\SM-YHANIKI\src\StepMania.vcxproj]
d:\repo\SM-YHANIKI\src\minizip\zip.c(874,24): error C2198: 'call_ztell64': 呼叫的引數太少 [d:\repo\SM-YHANIKI\src\StepMania.vcxproj]
d:\repo\SM-YHANIKI\src\minizip\zip.c(875,11): error C2065: 'ziinit': 未宣告的識別項 [d:\repo\SM-YHANIKI\src\StepMania.vcxproj]
d:\repo\SM-YHANIKI\src\minizip\zip.c(875,12): error C2224: '.in_opened_file_inzip' 的左邊必須擁有結構/等位類型 [d:\repo\SM-YHANIKI\src\StepMania.vcxproj]
d:\repo\SM-YHANIKI\src\minizip\zip.c(876,11): error C2065: 'ziinit': 未宣告的識別項 [d:\repo\SM-YHANIKI\src\StepMania.vcxproj]
d:\repo\SM-YHANIKI\src\minizip\zip.c(876,12): error C2224: '.ci' 的左邊必須擁有結構/等位類型 [d:\repo\SM-YHANIKI\src\StepMania.vcxproj]
d:\repo\SM-YHANIKI\src\minizip\zip.c(877,11): error C2065: 'ziinit': 未宣告的識別項 [d:\repo\SM-YHANIKI\src\StepMania.vcxproj]
d:\repo\SM-YHANIKI\src\minizip\zip.c(877,12): error C2224: '.number_entry' 的左邊必須擁有結構/等位類型 [d:\repo\SM-YHANIKI\src\StepMania.vcxproj]
d:\repo\SM-YHANIKI\src\minizip\zip.c(878,11): error C2065: 'ziinit': 未宣告的識別項 [d:\repo\SM-YHANIKI\src\StepMania.vcxproj]
d:\repo\SM-YHANIKI\src\minizip\zip.c(878,12): error C2224: '.add_position_when_writing_offset' 的左邊必須擁有結構/等位類型 [d:\repo\SM-YHANIKI\src\StepMania.vcxproj]
d:\repo\SM-YHANIKI\src\minizip\zip.c(879,29): error C2065: 'ziinit': 未宣告的識別項 [d:\repo\SM-YHANIKI\src\StepMania.vcxproj]
d:\repo\SM-YHANIKI\src\minizip\zip.c(879,30): error C2224: '.central_dir' 的左邊必須擁有結構/等位類型 [d:\repo\SM-YHANIKI\src\StepMania.vcxproj]
d:\repo\SM-YHANIKI\src\minizip\zip.c(879,20): error C2198: 'init_linkedlist': 呼叫的引數太少 [d:\repo\SM-YHANIKI\src\StepMania.vcxproj]
d:\repo\SM-YHANIKI\src\minizip\zip.c(883,8): error C2065: 'zi': 未宣告的識別項 [d:\repo\SM-YHANIKI\src\StepMania.vcxproj]
d:\repo\SM-YHANIKI\src\minizip\zip.c(883,25): error C2065: 'zip64_internal': 未宣告的識別項 [d:\repo\SM-YHANIKI\src\StepMania.vcxproj]
d:\repo\SM-YHANIKI\src\minizip\zip.c(883,26): error C2059: 語法錯誤: ')' [d:\repo\SM-YHANIKI\src\StepMania.vcxproj]
d:\repo\SM-YHANIKI\src\minizip\zip.c(884,11): error C2065: 'zi': 未宣告的識別項 [d:\repo\SM-YHANIKI\src\StepMania.vcxproj]
d:\repo\SM-YHANIKI\src\minizip\zip.c(884,17): warning C4047: '==': 'int' 與 'void *' 間接取值的層級不同 [d:\repo\SM-YHANIKI\src\StepMania.vcxproj]
d:\repo\SM-YHANIKI\src\minizip\zip.c(886,9): error C2065: 'ziinit': 未宣告的識別項 [d:\repo\SM-YHANIKI\src\StepMania.vcxproj]
d:\repo\SM-YHANIKI\src\minizip\zip.c(886,9): error C2224: '.z_filefunc' 的左邊必須擁有結構/等位類型 [d:\repo\SM-YHANIKI\src\StepMania.vcxproj]
d:\repo\SM-YHANIKI\src\minizip\zip.c(886,9): error C2224: '.filestream' 的左邊必須擁有結構/等位類型 [d:\repo\SM-YHANIKI\src\StepMania.vcxproj]
d:\repo\SM-YHANIKI\src\minizip\zip.c(892,11): error C2065: 'ziinit': 未宣告的識別項 [d:\repo\SM-YHANIKI\src\StepMania.vcxproj]
d:\repo\SM-YHANIKI\src\minizip\zip.c(892,12): error C2224: '.globalcomment' 的左邊必須擁有結構/等位類型 [d:\repo\SM-YHANIKI\src\StepMania.vcxproj]
d:\repo\SM-YHANIKI\src\minizip\zip.c(896,39): warning C4013: 'LoadCentralDirectoryRecord' 未定義; 假設 extern 傳回整數 [d:\repo\SM-YHANIKI\src\StepMania.vcxproj]
d:\repo\SM-YHANIKI\src\minizip\zip.c(896,47): error C2065: 'ziinit': 未宣告的識別項 [d:\repo\SM-YHANIKI\src\StepMania.vcxproj]
d:\repo\SM-YHANIKI\src\minizip\zip.c(901,30): error C2065: 'ziinit': 未宣告的識別項 [d:\repo\SM-YHANIKI\src\StepMania.vcxproj]
d:\repo\SM-YHANIKI\src\minizip\zip.c(901,31): error C2224: '.globalcomment' 的左邊必須擁有結構/等位類型 [d:\repo\SM-YHANIKI\src\StepMania.vcxproj]
d:\repo\SM-YHANIKI\src\minizip\zip.c(908,9): error C2065: 'ziinit': 未宣告的識別項 [d:\repo\SM-YHANIKI\src\StepMania.vcxproj]
d:\repo\SM-YHANIKI\src\minizip\zip.c(908,9): error C2224: '.globalcomment' 的左邊必須擁有結構/等位類型 [d:\repo\SM-YHANIKI\src\StepMania.vcxproj]
d:\repo\SM-YHANIKI\src\minizip\zip.c(908,9): error C2198: 'free': 呼叫的引數太少 [d:\repo\SM-YHANIKI\src\StepMania.vcxproj]
d:\repo\SM-YHANIKI\src\minizip\zip.c(910,9): error C2065: 'zi': 未宣告的識別項 [d:\repo\SM-YHANIKI\src\StepMania.vcxproj]
d:\repo\SM-YHANIKI\src\minizip\zip.c(910,9): warning C4022: 'free': 指標與實質參數 1 不相符 [d:\repo\SM-YHANIKI\src\StepMania.vcxproj]
d:\repo\SM-YHANIKI\src\minizip\zip.c(915,13): error C2065: 'zi': 未宣告的識別項 [d:\repo\SM-YHANIKI\src\StepMania.vcxproj]
d:\repo\SM-YHANIKI\src\minizip\zip.c(915,9): error C2100: 不合法的間接取值 [d:\repo\SM-YHANIKI\src\StepMania.vcxproj]
d:\repo\SM-YHANIKI\src\minizip\zip.c(915,21): error C2065: 'ziinit': 未宣告的識別項 [d:\repo\SM-YHANIKI\src\StepMania.vcxproj]
d:\repo\SM-YHANIKI\src\minizip\zip.c(916,27): error C2065: 'zi': 未宣告的識別項 [d:\repo\SM-YHANIKI\src\StepMania.vcxproj]
d:\repo\SM-YHANIKI\src\minizip\zip.c(958,41): error C2143: 語法錯誤: 遺漏 ')' (在 '*' 之前) [d:\repo\SM-YHANIKI\src\StepMania.vcxproj]
d:\repo\SM-YHANIKI\src\minizip\zip.c(958,41): error C2143: 語法錯誤: 遺漏 '{' (在 '*' 之前) [d:\repo\SM-YHANIKI\src\StepMania.vcxproj]
d:\repo\SM-YHANIKI\src\minizip\zip.c(958,45): warning C4431: 遺漏類型規範 - 假設為 int。注意: C 已不再支援 default-int [d:\repo\SM-YHANIKI\src\StepMania.vcxproj]
d:\repo\SM-YHANIKI\src\minizip\zip.c(958,57): error C2059: 語法錯誤: '類型' [d:\repo\SM-YHANIKI\src\StepMania.vcxproj]
d:\repo\SM-YHANIKI\src\minizip\zip.c(958,125): error C2059: 語法錯誤: ')' [d:\repo\SM-YHANIKI\src\StepMania.vcxproj]
d:\repo\SM-YHANIKI\src\minizip\zip.c(1063,19): error C2065: 'zip64_internal': 未宣告的識別項 [d:\repo\SM-YHANIKI\src\StepMania.vcxproj]
d:\repo\SM-YHANIKI\src\minizip\zip.c(1063,23): error C2297: '*': 不合法，右運算元具有類型 'int *' [d:\repo\SM-YHANIKI\src\StepMania.vcxproj]
d:\repo\SM-YHANIKI\src\minizip\zip.c(1086,25): error C2065: 'zip64_internal': 未宣告的識別項 [d:\repo\SM-YHANIKI\src\StepMania.vcxproj]
d:\repo\SM-YHANIKI\src\minizip\zip.c(1086,26): error C2059: 語法錯誤: ')' [d:\repo\SM-YHANIKI\src\StepMania.vcxproj]
d:\repo\SM-YHANIKI\src\minizip\zip.c(1088,13): error C2223: '->in_opened_file_inzip' 的左邊必須指向結構/等位 [d:\repo\SM-YHANIKI\src\StepMania.vcxproj]
d:\repo\SM-YHANIKI\src\minizip\zip.c(1106,13): error C2223: '->ci' 的左邊必須指向結構/等位 [d:\repo\SM-YHANIKI\src\StepMania.vcxproj]
d:\repo\SM-YHANIKI\src\minizip\zip.c(1110,17): error C2223: '->ci' 的左邊必須指向結構/等位 [d:\repo\SM-YHANIKI\src\StepMania.vcxproj]
d:\repo\SM-YHANIKI\src\minizip\zip.c(1112,15): error C2223: '->ci' 的左邊必須指向結構/等位 [d:\repo\SM-YHANIKI\src\StepMania.vcxproj]
d:\repo\SM-YHANIKI\src\minizip\zip.c(1115,9): error C2223: '->ci' 的左邊必須指向結構/等位 [d:\repo\SM-YHANIKI\src\StepMania.vcxproj]
d:\repo\SM-YHANIKI\src\minizip\zip.c(1117,11): error C2223: '->ci' 的左邊必須指向結構/等位 [d:\repo\SM-YHANIKI\src\StepMania.vcxproj]
d:\repo\SM-YHANIKI\src\minizip\zip.c(1117,11): fatal error C1003: 錯誤計數超過 100; 停止編譯 [d:\repo\SM-YHANIKI\src\StepMania.vcxproj]
專案 "d:\repo\SM-YHANIKI\src\StepMania.vcxproj" (ClCompile 目標) 建置完成 -- 失敗。

建置失敗。

"d:\repo\SM-YHANIKI\src\StepMania.vcxproj" (ClCompile 目標) (1) ->
(ClCompile 目標) -> 
  cl : 命令列 warning D9025: 覆寫 '/EHs'，以 '/EHa' [d:\repo\SM-YHANIKI\src\StepMania.vcxproj]
  d:\repo\SM-YHANIKI\src\minizip\zip.c(160,11): warning C4431: 遺漏類型規範 - 假設為 int。注意: C 已不再支援 default-int [d:\repo\SM-YHANIKI\src\StepMania.vcxproj]
  d:\repo\SM-YHANIKI\src\minizip\crypt.h(35,53): warning C4431: 遺漏類型規範 - 假設為 int。注意: C 已不再支援 default-int [d:\repo\SM-YHANIKI\src\StepMania.vcxproj]
  d:\repo\SM-YHANIKI\src\minizip\crypt.h(36,1): warning C4431: 遺漏類型規範 - 假設為 int。注意: C 已不再支援 default-int [d:\repo\SM-YHANIKI\src\StepMania.vcxproj]
  d:\repo\SM-YHANIKI\src\minizip\crypt.h(48,51): warning C4431: 遺漏類型規範 - 假設為 int。注意: C 已不再支援 default-int [d:\repo\SM-YHANIKI\src\StepMania.vcxproj]
  d:\repo\SM-YHANIKI\src\minizip\crypt.h(48,71): warning C4431: 遺漏類型規範 - 假設為 int。注意: C 已不再支援 default-int [d:\repo\SM-YHANIKI\src\StepMania.vcxproj]
  d:\repo\SM-YHANIKI\src\minizip\crypt.h(65,69): warning C4431: 遺漏類型規範 - 假設為 int。注意: C 已不再支援 default-int [d:\repo\SM-YHANIKI\src\StepMania.vcxproj]
  d:\repo\SM-YHANIKI\src\minizip\crypt.h(66,1): warning C4431: 遺漏類型規範 - 假設為 int。注意: C 已不再支援 default-int [d:\repo\SM-YHANIKI\src\StepMania.vcxproj]
  d:\repo\SM-YHANIKI\src\minizip\crypt.h(94,28): warning C4431: 遺漏類型規範 - 假設為 int。注意: C 已不再支援 default-int [d:\repo\SM-YHANIKI\src\StepMania.vcxproj]
  d:\repo\SM-YHANIKI\src\minizip\crypt.h(94,48): warning C4431: 遺漏類型規範 - 假設為 int。注意: C 已不再支援 default-int [d:\repo\SM-YHANIKI\src\StepMania.vcxproj]
  d:\repo\SM-YHANIKI\src\minizip\zip.c(641,1): warning C4431: 遺漏類型規範 - 假設為 int。注意: C 已不再支援 default-int [d:\repo\SM-YHANIKI\src\StepMania.vcxproj]
  d:\repo\SM-YHANIKI\src\minizip\zip.c(852,19): warning C4552: '*': 未使用運算式結果 [d:\repo\SM-YHANIKI\src\StepMania.vcxproj]
  d:\repo\SM-YHANIKI\src\minizip\zip.c(862,1): warning C4022: 'call_zopen64': 指標與實質參數 2 不相符 [d:\repo\SM-YHANIKI\src\StepMania.vcxproj]
  d:\repo\SM-YHANIKI\src\minizip\zip.c(872,9): warning C4022: 'call_zseek64': 指標與實質參數 2 不相符 [d:\repo\SM-YHANIKI\src\StepMania.vcxproj]
  d:\repo\SM-YHANIKI\src\minizip\zip.c(884,17): warning C4047: '==': 'int' 與 'void *' 間接取值的層級不同 [d:\repo\SM-YHANIKI\src\StepMania.vcxproj]
  d:\repo\SM-YHANIKI\src\minizip\zip.c(896,39): warning C4013: 'LoadCentralDirectoryRecord' 未定義; 假設 extern 傳回整數 [d:\repo\SM-YHANIKI\src\StepMania.vcxproj]
  d:\repo\SM-YHANIKI\src\minizip\zip.c(910,9): warning C4022: 'free': 指標與實質參數 1 不相符 [d:\repo\SM-YHANIKI\src\StepMania.vcxproj]
  d:\repo\SM-YHANIKI\src\minizip\zip.c(958,45): warning C4431: 遺漏類型規範 - 假設為 int。注意: C 已不再支援 default-int [d:\repo\SM-YHANIKI\src\StepMania.vcxproj]


"d:\repo\SM-YHANIKI\src\StepMania.vcxproj" (ClCompile 目標) (1) ->
(ClCompile 目標) -> 
  d:\repo\SM-YHANIKI\src\minizip\zip.c(160,18): error C2143: 語法錯誤: 遺漏 ';' (在 '*' 之前) [d:\repo\SM-YHANIKI\src\StepMania.vcxproj]
  d:\repo\SM-YHANIKI\src\minizip\zip.c(160,18): error C2059: 語法錯誤: '*' [d:\repo\SM-YHANIKI\src\StepMania.vcxproj]
  d:\repo\SM-YHANIKI\src\minizip\zip.c(163,1): error C2059: 語法錯誤: '}' [d:\repo\SM-YHANIKI\src\StepMania.vcxproj]
  d:\repo\SM-YHANIKI\src\minizip\zip.c(171,5): error C2061: 語法錯誤: 識別項 'curfile64_info' [d:\repo\SM-YHANIKI\src\StepMania.vcxproj]
  d:\repo\SM-YHANIKI\src\minizip\zip.c(181,1): error C2059: 語法錯誤: '}' [d:\repo\SM-YHANIKI\src\StepMania.vcxproj]
  d:\repo\SM-YHANIKI\src\minizip\crypt.h(35,60): error C2143: 語法錯誤: 遺漏 ')' (在 '*' 之前) [d:\repo\SM-YHANIKI\src\StepMania.vcxproj]
  d:\repo\SM-YHANIKI\src\minizip\crypt.h(35,60): error C2143: 語法錯誤: 遺漏 '{' (在 '*' 之前) [d:\repo\SM-YHANIKI\src\StepMania.vcxproj]
  d:\repo\SM-YHANIKI\src\minizip\crypt.h(35,73): error C2059: 語法錯誤: ')' [d:\repo\SM-YHANIKI\src\StepMania.vcxproj]
  d:\repo\SM-YHANIKI\src\minizip\crypt.h(36,1): error C2054: 在 'pcrc_32_tab' 之後必須有 '(' [d:\repo\SM-YHANIKI\src\StepMania.vcxproj]
  d:\repo\SM-YHANIKI\src\minizip\crypt.h(48,58): error C2143: 語法錯誤: 遺漏 ')' (在 '*' 之前) [d:\repo\SM-YHANIKI\src\StepMania.vcxproj]
  d:\repo\SM-YHANIKI\src\minizip\crypt.h(48,58): error C2143: 語法錯誤: 遺漏 '{' (在 '*' 之前) [d:\repo\SM-YHANIKI\src\StepMania.vcxproj]
  d:\repo\SM-YHANIKI\src\minizip\crypt.h(48,76): error C2059: 語法錯誤: '類型' [d:\repo\SM-YHANIKI\src\StepMania.vcxproj]
  d:\repo\SM-YHANIKI\src\minizip\crypt.h(48,77): error C2059: 語法錯誤: ')' [d:\repo\SM-YHANIKI\src\StepMania.vcxproj]
  d:\repo\SM-YHANIKI\src\minizip\crypt.h(65,76): error C2143: 語法錯誤: 遺漏 ')' (在 '*' 之前) [d:\repo\SM-YHANIKI\src\StepMania.vcxproj]
  d:\repo\SM-YHANIKI\src\minizip\crypt.h(65,76): error C2143: 語法錯誤: 遺漏 '{' (在 '*' 之前) [d:\repo\SM-YHANIKI\src\StepMania.vcxproj]
  d:\repo\SM-YHANIKI\src\minizip\crypt.h(65,89): error C2059: 語法錯誤: ')' [d:\repo\SM-YHANIKI\src\StepMania.vcxproj]
  d:\repo\SM-YHANIKI\src\minizip\crypt.h(66,1): error C2054: 在 'pcrc_32_tab' 之後必須有 '(' [d:\repo\SM-YHANIKI\src\StepMania.vcxproj]
  d:\repo\SM-YHANIKI\src\minizip\crypt.h(94,35): error C2143: 語法錯誤: 遺漏 ')' (在 '*' 之前) [d:\repo\SM-YHANIKI\src\StepMania.vcxproj]
  d:\repo\SM-YHANIKI\src\minizip\crypt.h(94,35): error C2143: 語法錯誤: 遺漏 '{' (在 '*' 之前) [d:\repo\SM-YHANIKI\src\StepMania.vcxproj]
  d:\repo\SM-YHANIKI\src\minizip\crypt.h(95,36): error C2059: 語法錯誤: '類型' [d:\repo\SM-YHANIKI\src\StepMania.vcxproj]
  d:\repo\SM-YHANIKI\src\minizip\crypt.h(95,50): error C2059: 語法錯誤: ')' [d:\repo\SM-YHANIKI\src\StepMania.vcxproj]
  d:\repo\SM-YHANIKI\src\minizip\zip.c(640,46): error C2143: 語法錯誤: 遺漏 ')' (在 '*' 之前) [d:\repo\SM-YHANIKI\src\StepMania.vcxproj]
  d:\repo\SM-YHANIKI\src\minizip\zip.c(640,46): error C2143: 語法錯誤: 遺漏 '{' (在 '*' 之前) [d:\repo\SM-YHANIKI\src\StepMania.vcxproj]
  d:\repo\SM-YHANIKI\src\minizip\zip.c(640,55): error C2059: 語法錯誤: ')' [d:\repo\SM-YHANIKI\src\StepMania.vcxproj]
  d:\repo\SM-YHANIKI\src\minizip\zip.c(641,1): error C2054: 在 'pziinit' 之後必須有 '(' [d:\repo\SM-YHANIKI\src\StepMania.vcxproj]
  d:\repo\SM-YHANIKI\src\minizip\zip.c(851,20): error C2065: 'zip64_internal': 未宣告的識別項 [d:\repo\SM-YHANIKI\src\StepMania.vcxproj]
  d:\repo\SM-YHANIKI\src\minizip\zip.c(851,20): error C2146: 語法錯誤: 遺漏 ';' (在識別項 'ziinit' 之前) [d:\repo\SM-YHANIKI\src\StepMania.vcxproj]
  d:\repo\SM-YHANIKI\src\minizip\zip.c(851,26): error C2065: 'ziinit': 未宣告的識別項 [d:\repo\SM-YHANIKI\src\StepMania.vcxproj]
  d:\repo\SM-YHANIKI\src\minizip\zip.c(852,19): error C2065: 'zip64_internal': 未宣告的識別項 [d:\repo\SM-YHANIKI\src\StepMania.vcxproj]
  d:\repo\SM-YHANIKI\src\minizip\zip.c(852,23): error C2065: 'zi': 未宣告的識別項 [d:\repo\SM-YHANIKI\src\StepMania.vcxproj]
  d:\repo\SM-YHANIKI\src\minizip\zip.c(855,11): error C2065: 'ziinit': 未宣告的識別項 [d:\repo\SM-YHANIKI\src\StepMania.vcxproj]
  d:\repo\SM-YHANIKI\src\minizip\zip.c(855,12): error C2224: '.z_filefunc' 的左邊必須擁有結構/等位類型 [d:\repo\SM-YHANIKI\src\StepMania.vcxproj]
  d:\repo\SM-YHANIKI\src\minizip\zip.c(856,11): error C2065: 'ziinit': 未宣告的識別項 [d:\repo\SM-YHANIKI\src\StepMania.vcxproj]
  d:\repo\SM-YHANIKI\src\minizip\zip.c(856,12): error C2224: '.z_filefunc' 的左邊必須擁有結構/等位類型 [d:\repo\SM-YHANIKI\src\StepMania.vcxproj]
  d:\repo\SM-YHANIKI\src\minizip\zip.c(858,38): error C2065: 'ziinit': 未宣告的識別項 [d:\repo\SM-YHANIKI\src\StepMania.vcxproj]
  d:\repo\SM-YHANIKI\src\minizip\zip.c(858,39): error C2224: '.z_filefunc' 的左邊必須擁有結構/等位類型 [d:\repo\SM-YHANIKI\src\StepMania.vcxproj]
  d:\repo\SM-YHANIKI\src\minizip\zip.c(858,30): error C2198: 'fill_fopen64_filefunc': 呼叫的引數太少 [d:\repo\SM-YHANIKI\src\StepMania.vcxproj]
  d:\repo\SM-YHANIKI\src\minizip\zip.c(860,15): error C2065: 'ziinit': 未宣告的識別項 [d:\repo\SM-YHANIKI\src\StepMania.vcxproj]
  d:\repo\SM-YHANIKI\src\minizip\zip.c(860,16): error C2224: '.z_filefunc' 的左邊必須擁有結構/等位類型 [d:\repo\SM-YHANIKI\src\StepMania.vcxproj]
  d:\repo\SM-YHANIKI\src\minizip\zip.c(862,11): error C2065: 'ziinit': 未宣告的識別項 [d:\repo\SM-YHANIKI\src\StepMania.vcxproj]
  d:\repo\SM-YHANIKI\src\minizip\zip.c(862,12): error C2224: '.filestream' 的左邊必須擁有結構/等位類型 [d:\repo\SM-YHANIKI\src\StepMania.vcxproj]
  d:\repo\SM-YHANIKI\src\minizip\zip.c(866,1): error C2065: 'ziinit': 未宣告的識別項 [d:\repo\SM-YHANIKI\src\StepMania.vcxproj]
  d:\repo\SM-YHANIKI\src\minizip\zip.c(866,1): error C2224: '.z_filefunc' 的左邊必須擁有結構/等位類型 [d:\repo\SM-YHANIKI\src\StepMania.vcxproj]
  d:\repo\SM-YHANIKI\src\minizip\zip.c(862,1): error C2198: 'call_zopen64': 呼叫的引數太少 [d:\repo\SM-YHANIKI\src\StepMania.vcxproj]
  d:\repo\SM-YHANIKI\src\minizip\zip.c(868,15): error C2065: 'ziinit': 未宣告的識別項 [d:\repo\SM-YHANIKI\src\StepMania.vcxproj]
  d:\repo\SM-YHANIKI\src\minizip\zip.c(868,16): error C2224: '.filestream' 的左邊必須擁有結構/等位類型 [d:\repo\SM-YHANIKI\src\StepMania.vcxproj]
  d:\repo\SM-YHANIKI\src\minizip\zip.c(872,9): error C2065: 'ziinit': 未宣告的識別項 [d:\repo\SM-YHANIKI\src\StepMania.vcxproj]
  d:\repo\SM-YHANIKI\src\minizip\zip.c(872,9): error C2224: '.z_filefunc' 的左邊必須擁有結構/等位類型 [d:\repo\SM-YHANIKI\src\StepMania.vcxproj]
  d:\repo\SM-YHANIKI\src\minizip\zip.c(872,9): error C2224: '.filestream' 的左邊必須擁有結構/等位類型 [d:\repo\SM-YHANIKI\src\StepMania.vcxproj]
  d:\repo\SM-YHANIKI\src\minizip\zip.c(872,9): error C2198: 'call_zseek64': 呼叫的引數太少 [d:\repo\SM-YHANIKI\src\StepMania.vcxproj]
  d:\repo\SM-YHANIKI\src\minizip\zip.c(874,11): error C2065: 'ziinit': 未宣告的識別項 [d:\repo\SM-YHANIKI\src\StepMania.vcxproj]
  d:\repo\SM-YHANIKI\src\minizip\zip.c(874,12): error C2224: '.begin_pos' 的左邊必須擁有結構/等位類型 [d:\repo\SM-YHANIKI\src\StepMania.vcxproj]
  d:\repo\SM-YHANIKI\src\minizip\zip.c(874,24): error C2065: 'ziinit': 未宣告的識別項 [d:\repo\SM-YHANIKI\src\StepMania.vcxproj]
  d:\repo\SM-YHANIKI\src\minizip\zip.c(874,24): error C2224: '.z_filefunc' 的左邊必須擁有結構/等位類型 [d:\repo\SM-YHANIKI\src\StepMania.vcxproj]
  d:\repo\SM-YHANIKI\src\minizip\zip.c(874,24): error C2224: '.filestream' 的左邊必須擁有結構/等位類型 [d:\repo\SM-YHANIKI\src\StepMania.vcxproj]
  d:\repo\SM-YHANIKI\src\minizip\zip.c(874,24): error C2198: 'call_ztell64': 呼叫的引數太少 [d:\repo\SM-YHANIKI\src\StepMania.vcxproj]
  d:\repo\SM-YHANIKI\src\minizip\zip.c(875,11): error C2065: 'ziinit': 未宣告的識別項 [d:\repo\SM-YHANIKI\src\StepMania.vcxproj]
  d:\repo\SM-YHANIKI\src\minizip\zip.c(875,12): error C2224: '.in_opened_file_inzip' 的左邊必須擁有結構/等位類型 [d:\repo\SM-YHANIKI\src\StepMania.vcxproj]
  d:\repo\SM-YHANIKI\src\minizip\zip.c(876,11): error C2065: 'ziinit': 未宣告的識別項 [d:\repo\SM-YHANIKI\src\StepMania.vcxproj]
  d:\repo\SM-YHANIKI\src\minizip\zip.c(876,12): error C2224: '.ci' 的左邊必須擁有結構/等位類型 [d:\repo\SM-YHANIKI\src\StepMania.vcxproj]
  d:\repo\SM-YHANIKI\src\minizip\zip.c(877,11): error C2065: 'ziinit': 未宣告的識別項 [d:\repo\SM-YHANIKI\src\StepMania.vcxproj]
  d:\repo\SM-YHANIKI\src\minizip\zip.c(877,12): error C2224: '.number_entry' 的左邊必須擁有結構/等位類型 [d:\repo\SM-YHANIKI\src\StepMania.vcxproj]
  d:\repo\SM-YHANIKI\src\minizip\zip.c(878,11): error C2065: 'ziinit': 未宣告的識別項 [d:\repo\SM-YHANIKI\src\StepMania.vcxproj]
  d:\repo\SM-YHANIKI\src\minizip\zip.c(878,12): error C2224: '.add_position_when_writing_offset' 的左邊必須擁有結構/等位類型 [d:\repo\SM-YHANIKI\src\StepMania.vcxproj]
  d:\repo\SM-YHANIKI\src\minizip\zip.c(879,29): error C2065: 'ziinit': 未宣告的識別項 [d:\repo\SM-YHANIKI\src\StepMania.vcxproj]
  d:\repo\SM-YHANIKI\src\minizip\zip.c(879,30): error C2224: '.central_dir' 的左邊必須擁有結構/等位類型 [d:\repo\SM-YHANIKI\src\StepMania.vcxproj]
  d:\repo\SM-YHANIKI\src\minizip\zip.c(879,20): error C2198: 'init_linkedlist': 呼叫的引數太少 [d:\repo\SM-YHANIKI\src\StepMania.vcxproj]
  d:\repo\SM-YHANIKI\src\minizip\zip.c(883,8): error C2065: 'zi': 未宣告的識別項 [d:\repo\SM-YHANIKI\src\StepMania.vcxproj]
  d:\repo\SM-YHANIKI\src\minizip\zip.c(883,25): error C2065: 'zip64_internal': 未宣告的識別項 [d:\repo\SM-YHANIKI\src\StepMania.vcxproj]
  d:\repo\SM-YHANIKI\src\minizip\zip.c(883,26): error C2059: 語法錯誤: ')' [d:\repo\SM-YHANIKI\src\StepMania.vcxproj]
  d:\repo\SM-YHANIKI\src\minizip\zip.c(884,11): error C2065: 'zi': 未宣告的識別項 [d:\repo\SM-YHANIKI\src\StepMania.vcxproj]
  d:\repo\SM-YHANIKI\src\minizip\zip.c(886,9): error C2065: 'ziinit': 未宣告的識別項 [d:\repo\SM-YHANIKI\src\StepMania.vcxproj]
  d:\repo\SM-YHANIKI\src\minizip\zip.c(886,9): error C2224: '.z_filefunc' 的左邊必須擁有結構/等位類型 [d:\repo\SM-YHANIKI\src\StepMania.vcxproj]
  d:\repo\SM-YHANIKI\src\minizip\zip.c(886,9): error C2224: '.filestream' 的左邊必須擁有結構/等位類型 [d:\repo\SM-YHANIKI\src\StepMania.vcxproj]
  d:\repo\SM-YHANIKI\src\minizip\zip.c(892,11): error C2065: 'ziinit': 未宣告的識別項 [d:\repo\SM-YHANIKI\src\StepMania.vcxproj]
  d:\repo\SM-YHANIKI\src\minizip\zip.c(892,12): error C2224: '.globalcomment' 的左邊必須擁有結構/等位類型 [d:\repo\SM-YHANIKI\src\StepMania.vcxproj]
  d:\repo\SM-YHANIKI\src\minizip\zip.c(896,47): error C2065: 'ziinit': 未宣告的識別項 [d:\repo\SM-YHANIKI\src\StepMania.vcxproj]
  d:\repo\SM-YHANIKI\src\minizip\zip.c(901,30): error C2065: 'ziinit': 未宣告的識別項 [d:\repo\SM-YHANIKI\src\StepMania.vcxproj]
  d:\repo\SM-YHANIKI\src\minizip\zip.c(901,31): error C2224: '.globalcomment' 的左邊必須擁有結構/等位類型 [d:\repo\SM-YHANIKI\src\StepMania.vcxproj]
  d:\repo\SM-YHANIKI\src\minizip\zip.c(908,9): error C2065: 'ziinit': 未宣告的識別項 [d:\repo\SM-YHANIKI\src\StepMania.vcxproj]
  d:\repo\SM-YHANIKI\src\minizip\zip.c(908,9): error C2224: '.globalcomment' 的左邊必須擁有結構/等位類型 [d:\repo\SM-YHANIKI\src\StepMania.vcxproj]
  d:\repo\SM-YHANIKI\src\minizip\zip.c(908,9): error C2198: 'free': 呼叫的引數太少 [d:\repo\SM-YHANIKI\src\StepMania.vcxproj]
  d:\repo\SM-YHANIKI\src\minizip\zip.c(910,9): error C2065: 'zi': 未宣告的識別項 [d:\repo\SM-YHANIKI\src\StepMania.vcxproj]
  d:\repo\SM-YHANIKI\src\minizip\zip.c(915,13): error C2065: 'zi': 未宣告的識別項 [d:\repo\SM-YHANIKI\src\StepMania.vcxproj]
  d:\repo\SM-YHANIKI\src\minizip\zip.c(915,9): error C2100: 不合法的間接取值 [d:\repo\SM-YHANIKI\src\StepMania.vcxproj]
  d:\repo\SM-YHANIKI\src\minizip\zip.c(915,21): error C2065: 'ziinit': 未宣告的識別項 [d:\repo\SM-YHANIKI\src\StepMania.vcxproj]
  d:\repo\SM-YHANIKI\src\minizip\zip.c(916,27): error C2065: 'zi': 未宣告的識別項 [d:\repo\SM-YHANIKI\src\StepMania.vcxproj]
  d:\repo\SM-YHANIKI\src\minizip\zip.c(958,41): error C2143: 語法錯誤: 遺漏 ')' (在 '*' 之前) [d:\repo\SM-YHANIKI\src\StepMania.vcxproj]
  d:\repo\SM-YHANIKI\src\minizip\zip.c(958,41): error C2143: 語法錯誤: 遺漏 '{' (在 '*' 之前) [d:\repo\SM-YHANIKI\src\StepMania.vcxproj]
  d:\repo\SM-YHANIKI\src\minizip\zip.c(958,57): error C2059: 語法錯誤: '類型' [d:\repo\SM-YHANIKI\src\StepMania.vcxproj]
  d:\repo\SM-YHANIKI\src\minizip\zip.c(958,125): error C2059: 語法錯誤: ')' [d:\repo\SM-YHANIKI\src\StepMania.vcxproj]
  d:\repo\SM-YHANIKI\src\minizip\zip.c(1063,19): error C2065: 'zip64_internal': 未宣告的識別項 [d:\repo\SM-YHANIKI\src\StepMania.vcxproj]
  d:\repo\SM-YHANIKI\src\minizip\zip.c(1063,23): error C2297: '*': 不合法，右運算元具有類型 'int *' [d:\repo\SM-YHANIKI\src\StepMania.vcxproj]
  d:\repo\SM-YHANIKI\src\minizip\zip.c(1086,25): error C2065: 'zip64_internal': 未宣告的識別項 [d:\repo\SM-YHANIKI\src\StepMania.vcxproj]
  d:\repo\SM-YHANIKI\src\minizip\zip.c(1086,26): error C2059: 語法錯誤: ')' [d:\repo\SM-YHANIKI\src\StepMania.vcxproj]
  d:\repo\SM-YHANIKI\src\minizip\zip.c(1088,13): error C2223: '->in_opened_file_inzip' 的左邊必須指向結構/等位 [d:\repo\SM-YHANIKI\src\StepMania.vcxproj]
  d:\repo\SM-YHANIKI\src\minizip\zip.c(1106,13): error C2223: '->ci' 的左邊必須指向結構/等位 [d:\repo\SM-YHANIKI\src\StepMania.vcxproj]
  d:\repo\SM-YHANIKI\src\minizip\zip.c(1110,17): error C2223: '->ci' 的左邊必須指向結構/等位 [d:\repo\SM-YHANIKI\src\StepMania.vcxproj]
  d:\repo\SM-YHANIKI\src\minizip\zip.c(1112,15): error C2223: '->ci' 的左邊必須指向結構/等位 [d:\repo\SM-YHANIKI\src\StepMania.vcxproj]
  d:\repo\SM-YHANIKI\src\minizip\zip.c(1115,9): error C2223: '->ci' 的左邊必須指向結構/等位 [d:\repo\SM-YHANIKI\src\StepMania.vcxproj]
  d:\repo\SM-YHANIKI\src\minizip\zip.c(1117,11): error C2223: '->ci' 的左邊必須指向結構/等位 [d:\repo\SM-YHANIKI\src\StepMania.vcxproj]
  d:\repo\SM-YHANIKI\src\minizip\zip.c(1117,11): fatal error C1003: 錯誤計數超過 100; 停止編譯 [d:\repo\SM-YHANIKI\src\StepMania.vcxproj]

    18 個警告
    102 個錯誤

經過時間 00:00:01.37
